00:00 +0: loading D:/gowallet-104/test/gowallet_actions_network_test.dart
00:00 +0: D:/gowallet-104/test/gowallet_auth_guard_test.dart: biometric success before resumed completes without a second PIN
00:00 +1: D:/gowallet-104/test/gowallet_auth_guard_test.dart: pending biometric success is invalidated by background or a new PIN attempt
00:00 +2: D:/gowallet-104/test/gowallet_auth_guard_test.dart: pending result expires and disposal cannot authorize it
00:00 +3: D:/gowallet-104/test/gowallet_auth_guard_test.dart: delayed success cannot unlock after background and resume
00:00 +4: D:/gowallet-104/test/gowallet_actions_network_test.dart: (setUpAll)
00:00 +5: D:/gowallet-104/test/gowallet_actions_network_test.dart: (setUpAll)
00:00 +6: D:/gowallet-104/test/gowallet_actions_network_test.dart: (setUpAll)
00:00 +6: D:/gowallet-104/test/gowallet_actions_network_test.dart: translated wallet actions retain identity and callbacks
00:00 +7: D:/gowallet-104/test/gowallet_actions_network_test.dart: node connection test accepts matching genesis and closes TCP
00:00 +8: D:/gowallet-104/test/gowallet_actions_network_test.dart: node connection test rejects wrong genesis and closes TCP
error [null] Bad state: The Electrum server is serving a different blockchain. Check the coin and port.
#0      verifyElectrumNetwork (package:bitfinite/electrumx_rpc/verify_network.dart:6:5)
#1      checkElectrumServer (package:bitfinite/utilities/connection_check/electrum_connection_check.dart:75:7)
<asynchronous suspension>
#2      main.<anonymous closure> (file:///D:/gowallet-104/test/gowallet_actions_network_test.dart:77:13)
<asynchronous suspension>
#3      Declarer.test.<anonymous closure>.<anonymous closure> (package:test_api/src/backend/declarer.dart:253:15)
<asynchronous suspension>
#4      Declarer.test.<anonymous closure> (package:test_api/src/backend/declarer.dart:250:11)
<asynchronous suspension>
#5      Invoker._waitForOutstandingCallbacks.<anonymous closure> (package:test_api/src/backend/invoker.dart:318:9)
<asynchronous suspension>
, ERROR: Bad state: The Electrum server is serving a different blockchain. Check the coin and port., STRACE: #0      verifyElectrumNetwork (package:bitfinite/electrumx_rpc/verify_network.dart:6:5)
#1      checkElectrumServer (package:bitfinite/utilities/connection_check/electrum_connection_check.dart:75:7)
<asynchronous suspension>
#2      main.<anonymous closure> (file:///D:/gowallet-104/test/gowallet_actions_network_test.dart:77:13)
<asynchronous suspension>
#3      Declarer.test.<anonymous closure>.<anonymous closure> (package:test_api/src/backend/declarer.dart:253:15)
<asynchronous suspension>
#4      Declarer.test.<anonymous closure> (package:test_api/src/backend/declarer.dart:250:11)
<asynchronous suspension>
#5      Invoker._waitForOutstandingCallbacks.<anonymous closure> (package:test_api/src/backend/invoker.dart:318:9)
<asynchronous suspension>

00:00 +9: D:/gowallet-104/test/gowallet_actions_network_test.dart: (tearDownAll)
00:02 +9: D:/gowallet-104/test/gowallet_auth_widget_test.dart: real lockscreen accepts delayed biometrics only in original foreground: scenario=foreground
00:03 +10: D:/gowallet-104/test/gowallet_auth_widget_test.dart: real lockscreen accepts delayed biometrics only in original foreground: scenario=foreground
00:03 +11: D:/gowallet-104/test/gowallet_auth_widget_test.dart: real lockscreen accepts delayed biometrics only in original foreground: scenario=foreground
00:03 +12: D:/gowallet-104/test/gowallet_auth_widget_test.dart: real lockscreen accepts delayed biometrics only in original foreground: scenario=foreground
00:03 +13: D:/gowallet-104/test/gowallet_auth_widget_test.dart: real lockscreen accepts delayed biometrics only in original foreground: scenario=foreground
00:03 +14: D:/gowallet-104/test/gowallet_backup_crypto_test.dart: backup v2 round trip, wrong password, tamper with recomputed checksum
00:03 +15: D:/gowallet-104/test/gowallet_backup_crypto_test.dart: backup v2 round trip, wrong password, tamper with recomputed checksum
00:03 +16: D:/gowallet-104/test/gowallet_backup_crypto_test.dart: backup v2 round trip, wrong password, tamper with recomputed checksum
00:03 +17: D:/gowallet-104/test/gowallet_backup_crypto_test.dart: backup v2 round trip, wrong password, tamper with recomputed checksum
00:03 +18: D:/gowallet-104/test/gowallet_backup_crypto_test.dart: backup v2 round trip, wrong password, tamper with recomputed checksum
00:04 +19: D:/gowallet-104/test/gowallet_backup_crypto_test.dart: backup v2 round trip, wrong password, tamper with recomputed checksum
00:04 +20: D:/gowallet-104/test/gowallet_backup_crypto_test.dart: backup v2 round trip, wrong password, tamper with recomputed checksum
00:04 +21: D:/gowallet-104/test/gowallet_backup_crypto_test.dart: backup v2 round trip, wrong password, tamper with recomputed checksum
00:04 +22: D:/gowallet-104/test/gowallet_backup_crypto_test.dart: backup v2 round trip, wrong password, tamper with recomputed checksum
00:04 +23: D:/gowallet-104/test/gowallet_backup_crypto_test.dart: backup v2 round trip, wrong password, tamper with recomputed checksum
00:04 +24: D:/gowallet-104/test/gowallet_backup_crypto_test.dart: backup v2 round trip, wrong password, tamper with recomputed checksum
00:04 +25: D:/gowallet-104/test/gowallet_backup_crypto_test.dart: backup v2 round trip, wrong password, tamper with recomputed checksum
00:04 +26: D:/gowallet-104/test/gowallet_backup_crypto_test.dart: backup v2 round trip, wrong password, tamper with recomputed checksum
00:04 +27: D:/gowallet-104/test/gowallet_backup_crypto_test.dart: backup v2 round trip, wrong password, tamper with recomputed checksum
00:04 +28: D:/gowallet-104/test/gowallet_backup_crypto_test.dart: backup v2 round trip, wrong password, tamper with recomputed checksum
00:04 +29: D:/gowallet-104/test/gowallet_backup_crypto_test.dart: backup v2 round trip, wrong password, tamper with recomputed checksum
00:04 +30: D:/gowallet-104/test/gowallet_backup_crypto_test.dart: backup v2 round trip, wrong password, tamper with recomputed checksum
00:04 +31: D:/gowallet-104/test/gowallet_backup_crypto_test.dart: backup v2 round trip, wrong password, tamper with recomputed checksum
00:04 +32: D:/gowallet-104/test/gowallet_backup_crypto_test.dart: backup v2 round trip, wrong password, tamper with recomputed checksum
00:04 +33: D:/gowallet-104/test/gowallet_backup_crypto_test.dart: backup v2 round trip, wrong password, tamper with recomputed checksum
00:04 +34: D:/gowallet-104/test/gowallet_backup_crypto_test.dart: backup v2 round trip, wrong password, tamper with recomputed checksum
00:04 +35: D:/gowallet-104/test/gowallet_backup_crypto_test.dart: backup v2 round trip, wrong password, tamper with recomputed checksum
00:04 +36: D:/gowallet-104/test/gowallet_backup_crypto_test.dart: backup v2 round trip, wrong password, tamper with recomputed checksum
00:04 +37: D:/gowallet-104/test/gowallet_backup_crypto_test.dart: backup v2 round trip, wrong password, tamper with recomputed checksum
00:04 +38: D:/gowallet-104/test/gowallet_backup_crypto_test.dart: backup v2 round trip, wrong password, tamper with recomputed checksum
00:04 +39: D:/gowallet-104/test/gowallet_backup_crypto_test.dart: backup v2 round trip, wrong password, tamper with recomputed checksum
00:04 +40: D:/gowallet-104/test/gowallet_backup_crypto_test.dart: backup v2 round trip, wrong password, tamper with recomputed checksum
00:04 +41: D:/gowallet-104/test/gowallet_backup_crypto_test.dart: backup v2 round trip, wrong password, tamper with recomputed checksum
00:04 +42: D:/gowallet-104/test/gowallet_backup_crypto_test.dart: backup v2 round trip, wrong password, tamper with recomputed checksum
00:04 +43: D:/gowallet-104/test/gowallet_backup_crypto_test.dart: backup v2 round trip, wrong password, tamper with recomputed checksum
00:04 +44: D:/gowallet-104/test/gowallet_backup_crypto_test.dart: backup v2 round trip, wrong password, tamper with recomputed checksum
00:04 +45: D:/gowallet-104/test/gowallet_backup_crypto_test.dart: backup v2 round trip, wrong password, tamper with recomputed checksum
00:04 +46: D:/gowallet-104/test/gowallet_backup_crypto_test.dart: backup v2 round trip, wrong password, tamper with recomputed checksum
00:04 +47: D:/gowallet-104/test/gowallet_backup_crypto_test.dart: backup v2 round trip, wrong password, tamper with recomputed checksum
00:04 +48: D:/gowallet-104/test/gowallet_backup_crypto_test.dart: backup v2 round trip, wrong password, tamper with recomputed checksum
00:05 +49: D:/gowallet-104/test/gowallet_backup_crypto_test.dart: backup v2 round trip, wrong password, tamper with recomputed checksum
00:05 +50: D:/gowallet-104/test/gowallet_backup_crypto_test.dart: backup v2 round trip, wrong password, tamper with recomputed checksum
00:05 +51: D:/gowallet-104/test/gowallet_backup_crypto_test.dart: backup v2 round trip, wrong password, tamper with recomputed checksum
00:05 +52: D:/gowallet-104/test/gowallet_backup_crypto_test.dart: backup v2 round trip, wrong password, tamper with recomputed checksum
00:05 +53: D:/gowallet-104/test/gowallet_backup_crypto_test.dart: backup v2 round trip, wrong password, tamper with recomputed checksum
00:05 +54: D:/gowallet-104/test/gowallet_backup_crypto_test.dart: backup v2 round trip, wrong password, tamper with recomputed checksum
00:05 +55: D:/gowallet-104/test/gowallet_backup_crypto_test.dart: backup v2 round trip, wrong password, tamper with recomputed checksum
00:05 +56: D:/gowallet-104/test/gowallet_backup_crypto_test.dart: backup v2 round trip, wrong password, tamper with recomputed checksum
00:05 +57: D:/gowallet-104/test/gowallet_backup_crypto_test.dart: backup v2 round trip, wrong password, tamper with recomputed checksum
00:05 +58: D:/gowallet-104/test/gowallet_backup_crypto_test.dart: backup v2 round trip, wrong password, tamper with recomputed checksum
00:05 +59: D:/gowallet-104/test/gowallet_backup_crypto_test.dart: backup v2 round trip, wrong password, tamper with recomputed checksum
00:05 +60: D:/gowallet-104/test/gowallet_backup_crypto_test.dart: backup v2 round trip, wrong password, tamper with recomputed checksum
00:06 +61: D:/gowallet-104/test/gowallet_backup_crypto_test.dart: backup v2 round trip, wrong password, tamper with recomputed checksum
00:06 +62: D:/gowallet-104/test/gowallet_backup_crypto_test.dart: backup v2 round trip, wrong password, tamper with recomputed checksum
00:06 +63: D:/gowallet-104/test/gowallet_backup_crypto_test.dart: backup v2 round trip, wrong password, tamper with recomputed checksum
00:06 +64: D:/gowallet-104/test/gowallet_backup_crypto_test.dart: backup v2 round trip, wrong password, tamper with recomputed checksum
00:06 +65: D:/gowallet-104/test/gowallet_backup_crypto_test.dart: backup v2 round trip, wrong password, tamper with recomputed checksum
00:06 +66: D:/gowallet-104/test/gowallet_backup_crypto_test.dart: backup v2 round trip, wrong password, tamper with recomputed checksum
00:06 +67: D:/gowallet-104/test/gowallet_backup_crypto_test.dart: backup v2 round trip, wrong password, tamper with recomputed checksum
00:06 +68: D:/gowallet-104/test/gowallet_backup_crypto_test.dart: backup v2 round trip, wrong password, tamper with recomputed checksum
00:06 +69: D:/gowallet-104/test/gowallet_backup_crypto_test.dart: backup v2 round trip, wrong password, tamper with recomputed checksum
00:06 +70: D:/gowallet-104/test/gowallet_backup_crypto_test.dart: backup v2 round trip, wrong password, tamper with recomputed checksum
00:06 +71: D:/gowallet-104/test/gowallet_backup_crypto_test.dart: backup v2 round trip, wrong password, tamper with recomputed checksum
00:06 +72: D:/gowallet-104/test/gowallet_backup_crypto_test.dart: backup v2 round trip, wrong password, tamper with recomputed checksum
00:06 +73: D:/gowallet-104/test/gowallet_backup_crypto_test.dart: backup v2 round trip, wrong password, tamper with recomputed checksum
00:06 +74: D:/gowallet-104/test/gowallet_backup_crypto_test.dart: backup v2 round trip, wrong password, tamper with recomputed checksum
00:06 +75: D:/gowallet-104/test/gowallet_backup_crypto_test.dart: backup v2 round trip, wrong password, tamper with recomputed checksum
00:06 +76: D:/gowallet-104/test/gowallet_backup_crypto_test.dart: backup v2 round trip, wrong password, tamper with recomputed checksum
00:06 +77: D:/gowallet-104/test/gowallet_backup_crypto_test.dart: backup v2 round trip, wrong password, tamper with recomputed checksum
00:06 +78: D:/gowallet-104/test/gowallet_backup_crypto_test.dart: backup v2 round trip, wrong password, tamper with recomputed checksum
00:06 +79: D:/gowallet-104/test/gowallet_backup_crypto_test.dart: backup v2 round trip, wrong password, tamper with recomputed checksum
00:06 +80: D:/gowallet-104/test/gowallet_backup_crypto_test.dart: backup v2 round trip, wrong password, tamper with recomputed checksum
00:06 +81: D:/gowallet-104/test/gowallet_backup_crypto_test.dart: backup v2 round trip, wrong password, tamper with recomputed checksum
00:06 +82: D:/gowallet-104/test/gowallet_backup_crypto_test.dart: backup v2 round trip, wrong password, tamper with recomputed checksum
00:06 +82: D:/gowallet-104/test/gowallet_transaction_security_test.dart: broadcast mismatch rejected before local UTXOs or history writes
debug [null] confirmSend txData: TxData{feeRateType: null, feeRateAmount: null, satsPerVByte: null, fee: null, vSize: null, raw: 030000000111111111111111111111111111111111111111111111111111111111111111110000000000ffffffff0100ca9a3b000000001976a9144ba436039406f86b618f74af9f6bb22b6acf177c88ac00000000, txid: null, txHash: null, note: null, noteOnChain: null, memo: null, recipients: null, utxos: null, usedUTXOs: null, frostSigners: null, changeAddress: null, paynymAccountLite: null, ethEIP1559Fee: null, web3dartTransaction: null, nonce: null, chainId: null, solInstructions: null, pendingTransaction: null, pendingSalviumTransaction: null, tezosOperationsList: null, sparkRecipients: null, sparkMints: null, usedSparkCoins: null, otherData: null, tempTx: null, ignoreCachedBalanceChecks: false, opNameState: null, sparkNameInfo: null, vExtraData: null, overrideVersion: null, opReturnData: null, type: TxType.regular, }, ERROR: null, STRACE: null
error [null] Exception rethrown from confirmSend(): , ERROR: Bad state: Node returned a different transaction ID; broadcast status is unknown, refresh wallet before retrying, STRACE: #0      VerifiedPrevouts.checkBroadcast (package:bitfinite/gowallet/verified_prevouts.dart:87:7)
#1      PepecoinWallet.validateBroadcastResponse (package:bitfinite/wallets/wallet/impl/pepecoin_wallet.dart:55:24)
#2      ElectrumXInterface.confirmSend (package:bitfinite/wallets/wallet/wallet_mixin_interfaces/electrumx_interface.dart:2379:7)
<asynchronous suspension>
#3      Throws._matchFuture (package:matcher/src/expect/throws_matcher.dart:103:19)
<asynchronous suspension>
#4      _expect.<anonymous closure> (package:matcher/src/expect/expect.dart:153:17)
<asynchronous suspension>
#5      StackZoneSpecification._registerCallback.<anonymous closure> (package:stack_trace/src/stack_zone_specification.dart:114:42)
<asynchronous suspension>
#6      expectLater.<anonymous closure> (package:flutter_test/src/widget_tester.dart:508:19)
<asynchronous suspension>
#7      main.<anonymous closure> (file:///D:/gowallet-104/test/gowallet_transaction_security_test.dart:287:7)
<asynchronous suspension>
#8      Declarer.test.<anonymous closure>.<anonymous closure> (package:test_api/src/backend/declarer.dart:253:15)
<asynchronous suspension>
#9      Declarer.test.<anonymous closure> (package:test_api/src/backend/declarer.dart:250:11)
<asynchronous suspension>
#10     Invoker._waitForOutstandingCallbacks.<anonymous closure> (package:test_api/src/backend/invoker.dart:318:9)
<asynchronous suspension>

00:06 +83: D:/gowallet-104/test/gowallet_backup_crypto_test.dart: backup v2 round trip, wrong password, tamper with recomputed checksum
00:06 +83: D:/gowallet-104/test/gowallet_transaction_security_test.dart: fee cap rejects server rate and retains only previously safe cache
error [null] Exception rethrown from _getFees(): Bad state: Node fee estimate exceeds wallet safety limit
Stack trace: #0      ElectrumXInterface.fees (package:bitfinite/wallets/wallet/wallet_mixin_interfaces/electrumx_interface.dart:1882:9)
<asynchronous suspension>
#1      Throws._matchFuture (package:matcher/src/expect/throws_matcher.dart:103:19)
<asynchronous suspension>
#2      _expect.<anonymous closure> (package:matcher/src/expect/expect.dart:153:17)
<asynchronous suspension>
#3      StackZoneSpecification._registerCallback.<anonymous closure> (package:stack_trace/src/stack_zone_specification.dart:114:42)
<asynchronous suspension>
#4      expectLater.<anonymous closure> (package:flutter_test/src/widget_tester.dart:508:19)
<asynchronous suspension>
#5      main.<anonymous closure> (file:///D:/gowallet-104/test/gowallet_transaction_security_test.dart:310:7)
<asynchronous suspension>
#6      Declarer.test.<anonymous closure>.<anonymous closure> (package:test_api/src/backend/declarer.dart:253:15)
<asynchronous suspension>
#7      Declarer.test.<anonymous closure> (package:test_api/src/backend/declarer.dart:250:11)
<asynchronous suspension>
#8      Invoker._waitForOutstandingCallbacks.<anonymous closure> (package:test_api/src/backend/invoker.dart:318:9)
<asynchronous suspension>
, ERROR: Bad state: Node fee estimate exceeds wallet safety limit, STRACE: #0      ElectrumXInterface.fees (package:bitfinite/wallets/wallet/wallet_mixin_interfaces/electrumx_interface.dart:1882:9)
<asynchronous suspension>
#1      Throws._matchFuture (package:matcher/src/expect/throws_matcher.dart:103:19)
<asynchronous suspension>
#2      _expect.<anonymous closure> (package:matcher/src/expect/expect.dart:153:17)
<asynchronous suspension>
#3      StackZoneSpecification._registerCallback.<anonymous closure> (package:stack_trace/src/stack_zone_specification.dart:114:42)
<asynchronous suspension>
#4      expectLater.<anonymous closure> (package:flutter_test/src/widget_tester.dart:508:19)
<asynchronous suspension>
#5      main.<anonymous closure> (file:///D:/gowallet-104/test/gowallet_transaction_security_test.dart:310:7)
<asynchronous suspension>
#6      Declarer.test.<anonymous closure>.<anonymous closure> (package:test_api/src/backend/declarer.dart:253:15)
<asynchronous suspension>
#7      Declarer.test.<anonymous closure> (package:test_api/src/backend/declarer.dart:250:11)
<asynchronous suspension>
#8      Invoker._waitForOutstandingCallbacks.<anonymous closure> (package:test_api/src/backend/invoker.dart:318:9)
<asynchronous suspension>

debug [null] fetched fees: {fast: 2500, medium: 2500, slow: 2500, numberOfBlocksFast: 1, numberOfBlocksAverage: 5, numberOfBlocksSlow: 20}, ERROR: null, STRACE: null
error [null] Exception rethrown from _getFees(): Bad state: Node fee estimate exceeds wallet safety limit
Stack trace: #0      ElectrumXInterface.fees (package:bitfinite/wallets/wallet/wallet_mixin_interfaces/electrumx_interface.dart:1882:9)
<asynchronous suspension>
#1      main.<anonymous closure> (file:///D:/gowallet-104/test/gowallet_transaction_security_test.dart:314:14)
<asynchronous suspension>
#2      Declarer.test.<anonymous closure>.<anonymous closure> (package:test_api/src/backend/declarer.dart:253:15)
<asynchronous suspension>
#3      Declarer.test.<anonymous closure> (package:test_api/src/backend/declarer.dart:250:11)
<asynchronous suspension>
#4      Invoker._waitForOutstandingCallbacks.<anonymous closure> (package:test_api/src/backend/invoker.dart:318:9)
<asynchronous suspension>
, ERROR: Bad state: Node fee estimate exceeds wallet safety limit, STRACE: #0      ElectrumXInterface.fees (package:bitfinite/wallets/wallet/wallet_mixin_interfaces/electrumx_interface.dart:1882:9)
<asynchronous suspension>
#1      main.<anonymous closure> (file:///D:/gowallet-104/test/gowallet_transaction_security_test.dart:314:14)
<asynchronous suspension>
#2      Declarer.test.<anonymous closure>.<anonymous closure> (package:test_api/src/backend/declarer.dart:253:15)
<asynchronous suspension>
#3      Declarer.test.<anonymous closure> (package:test_api/src/backend/declarer.dart:250:11)
<asynchronous suspension>
#4      Invoker._waitForOutstandingCallbacks.<anonymous closure> (package:test_api/src/backend/invoker.dart:318:9)
<asynchronous suspension>

00:06 +84: D:/gowallet-104/test/gowallet_backup_crypto_test.dart: backup v2 round trip, wrong password, tamper with recomputed checksum
00:06 +85: D:/gowallet-104/test/gowallet_backup_crypto_test.dart: backup v2 round trip, wrong password, tamper with recomputed checksum
00:06 +86: D:/gowallet-104/test/gowallet_backup_crypto_test.dart: backup v2 round trip, wrong password, tamper with recomputed checksum
00:06 +87: D:/gowallet-104/test/gowallet_backup_crypto_test.dart: backup v2 round trip, wrong password, tamper with recomputed checksum
00:06 +88: D:/gowallet-104/test/gowallet_backup_crypto_test.dart: backup v2 round trip, wrong password, tamper with recomputed checksum
00:06 +89: D:/gowallet-104/test/gowallet_backup_crypto_test.dart: backup v2 round trip, wrong password, tamper with recomputed checksum
00:06 +90: D:/gowallet-104/test/gowallet_backup_crypto_test.dart: backup v2 round trip, wrong password, tamper with recomputed checksum
00:06 +91: D:/gowallet-104/test/gowallet_backup_crypto_test.dart: backup v2 round trip, wrong password, tamper with recomputed checksum
00:06 +91: D:/gowallet-104/test/scash_shic_signing_test.dart: m/84'/805'/0'/0/0: independent address vectors and offline transaction signing
trace [null] getAddressType(scash1q7r4nylj7vamdp57tkek392dxaw262thqppzchv) type is P2WPKHAddress, ERROR: null, STRACE: null
error [null] getAddressType(scash1q7r4nylj7vamdp57tkek392dxaw262thqppzchvx) failed, ERROR: Instance of 'InvalidBech32Checksum', STRACE: #0      new Bech32.decode (package:coinlib/src/encode/bech32.dart:157:7)
#1      new Bech32Address.fromString (package:coinlib/src/address.dart:183:27)
#2      new Address.fromString (package:coinlib/src/address.dart:39:30)
#3      ElectrumXCurrencyInterface.getAddressType (package:bitfinite/wallets/crypto_currency/interfaces/electrumx_currency_interface.dart:17:36)
#4      PublicElectrumCurrency.validateAddress (package:bitfinite/wallets/crypto_currency/intermediate/public_electrum_currency.dart:108:43)
#5      main.<anonymous closure> (file:///D:/gowallet-104/test/scash_shic_signing_test.dart:47:21)
#6      Declarer.test.<anonymous closure>.<anonymous closure> (package:test_api/src/backend/declarer.dart:253:25)
<asynchronous suspension>
#7      Declarer.test.<anonymous closure> (package:test_api/src/backend/declarer.dart:250:11)
<asynchronous suspension>
#8      Invoker._waitForOutstandingCallbacks.<anonymous closure> (package:test_api/src/backend/invoker.dart:318:9)
<asynchronous suspension>

00:06 +92: D:/gowallet-104/test/gowallet_backup_crypto_test.dart: backup v2 round trip, wrong password, tamper with recomputed checksum
00:06 +93: D:/gowallet-104/test/gowallet_backup_crypto_test.dart: backup v2 round trip, wrong password, tamper with recomputed checksum
00:06 +94: D:/gowallet-104/test/gowallet_backup_crypto_test.dart: backup v2 round trip, wrong password, tamper with recomputed checksum
00:06 +95: D:/gowallet-104/test/gowallet_backup_crypto_test.dart: backup v2 round trip, wrong password, tamper with recomputed checksum
00:06 +96: D:/gowallet-104/test/gowallet_backup_crypto_test.dart: backup v2 round trip, wrong password, tamper with recomputed checksum
00:06 +96: D:/gowallet-104/test/scash_shic_signing_test.dart: m/44'/805'/0'/0/0: independent address vectors and offline transaction signing
trace [null] getAddressType(1LtuqCxKQ4TvDz8nPMJEPP9gbRwbDStxft) type is P2PKHAddress, ERROR: null, STRACE: null
error [null] getAddressType(1LtuqCxKQ4TvDz8nPMJEPP9gbRwbDStxftx) failed, ERROR: Instance of 'InvalidBase58Checksum', STRACE: #0      new Address.fromString (package:coinlib/src/address.dart:48:9)
#1      ElectrumXCurrencyInterface.getAddressType (package:bitfinite/wallets/crypto_currency/interfaces/electrumx_currency_interface.dart:17:36)
#2      PublicElectrumCurrency.validateAddress (package:bitfinite/wallets/crypto_currency/intermediate/public_electrum_currency.dart:108:43)
#3      main.<anonymous closure> (file:///D:/gowallet-104/test/scash_shic_signing_test.dart:47:21)
#4      Declarer.test.<anonymous closure>.<anonymous closure> (package:test_api/src/backend/declarer.dart:253:25)
<asynchronous suspension>
#5      Declarer.test.<anonymous closure> (package:test_api/src/backend/declarer.dart:250:11)
<asynchronous suspension>
#6      Invoker._waitForOutstandingCallbacks.<anonymous closure> (package:test_api/src/backend/invoker.dart:318:9)
<asynchronous suspension>

00:06 +97: D:/gowallet-104/test/gowallet_backup_crypto_test.dart: backup v2 round trip, wrong password, tamper with recomputed checksum
00:06 +98: D:/gowallet-104/test/gowallet_backup_crypto_test.dart: backup v2 round trip, wrong password, tamper with recomputed checksum
00:06 +99: D:/gowallet-104/test/gowallet_backup_crypto_test.dart: backup v2 round trip, wrong password, tamper with recomputed checksum
00:07 +100: D:/gowallet-104/test/gowallet_backup_crypto_test.dart: backup v2 round trip, wrong password, tamper with recomputed checksum
00:07 +101: D:/gowallet-104/test/gowallet_backup_crypto_test.dart: backup v2 round trip, wrong password, tamper with recomputed checksum
00:07 +102: D:/gowallet-104/test/gowallet_backup_crypto_test.dart: backup v2 round trip, wrong password, tamper with recomputed checksum
00:07 +103: D:/gowallet-104/test/gowallet_backup_crypto_test.dart: backup v2 round trip, wrong password, tamper with recomputed checksum
00:07 +104: D:/gowallet-104/test/gowallet_backup_crypto_test.dart: backup v2 round trip, wrong password, tamper with recomputed checksum
00:07 +105: D:/gowallet-104/test/gowallet_backup_crypto_test.dart: backup v2 round trip, wrong password, tamper with recomputed checksum
00:07 +106: D:/gowallet-104/test/gowallet_backup_crypto_test.dart: backup v2 round trip, wrong password, tamper with recomputed checksum
00:07 +106: D:/gowallet-104/test/scash_shic_signing_test.dart: m/44'/4474'/0'/0/0: independent address vectors and offline transaction signing
trace [null] getAddressType(SaSYBTNVp14qZfYtvd3EaVoUWtLvLyaPni) type is P2PKHAddress, ERROR: null, STRACE: null
error [null] getAddressType(SaSYBTNVp14qZfYtvd3EaVoUWtLvLyaPnix) failed, ERROR: Instance of 'InvalidBase58Checksum', STRACE: #0      new Address.fromString (package:coinlib/src/address.dart:48:9)
#1      ElectrumXCurrencyInterface.getAddressType (package:bitfinite/wallets/crypto_currency/interfaces/electrumx_currency_interface.dart:17:36)
#2      Shibacoin.getAddressType (package:bitfinite/wallets/crypto_currency/coins/shibacoin.dart:56:24)
#3      PublicElectrumCurrency.validateAddress (package:bitfinite/wallets/crypto_currency/intermediate/public_electrum_currency.dart:108:43)
#4      main.<anonymous closure> (file:///D:/gowallet-104/test/scash_shic_signing_test.dart:47:21)
#5      Declarer.test.<anonymous closure>.<anonymous closure> (package:test_api/src/backend/declarer.dart:253:25)
<asynchronous suspension>
#6      Declarer.test.<anonymous closure> (package:test_api/src/backend/declarer.dart:250:11)
<asynchronous suspension>
#7      Invoker._waitForOutstandingCallbacks.<anonymous closure> (package:test_api/src/backend/invoker.dart:318:9)
<asynchronous suspension>

00:07 +107: D:/gowallet-104/test/gowallet_backup_crypto_test.dart: backup v2 round trip, wrong password, tamper with recomputed checksum
00:07 +108: D:/gowallet-104/test/gowallet_backup_crypto_test.dart: backup v2 round trip, wrong password, tamper with recomputed checksum
00:07 +109: D:/gowallet-104/test/gowallet_backup_crypto_test.dart: backup v2 round trip, wrong password, tamper with recomputed checksum
00:07 +110: D:/gowallet-104/test/gowallet_backup_crypto_test.dart: backup v2 round trip, wrong password, tamper with recomputed checksum
00:07 +111: D:/gowallet-104/test/gowallet_backup_crypto_test.dart: backup v2 round trip, wrong password, tamper with recomputed checksum
00:07 +111: D:/gowallet-104/test/scash_shic_signing_test.dart: m/44'/3'/0'/0/0: independent address vectors and offline transaction signing
trace [null] getAddressType(DBus3bamQjgJULBJtYXpEzDWQRwF5iwxgC) type is P2PKHAddress, ERROR: null, STRACE: null
error [null] getAddressType(DBus3bamQjgJULBJtYXpEzDWQRwF5iwxgCx) failed, ERROR: Instance of 'InvalidBase58Checksum', STRACE: #0      new Address.fromString (package:coinlib/src/address.dart:48:9)
#1      ElectrumXCurrencyInterface.getAddressType (package:bitfinite/wallets/crypto_currency/interfaces/electrumx_currency_interface.dart:17:36)
#2      Dingocoin.getAddressType (package:bitfinite/wallets/crypto_currency/coins/dingocoin.dart:65:24)
#3      PublicElectrumCurrency.validateAddress (package:bitfinite/wallets/crypto_currency/intermediate/public_electrum_currency.dart:108:43)
#4      main.<anonymous closure> (file:///D:/gowallet-104/test/scash_shic_signing_test.dart:47:21)
#5      Declarer.test.<anonymous closure>.<anonymous closure> (package:test_api/src/backend/declarer.dart:253:25)
<asynchronous suspension>
#6      Declarer.test.<anonymous closure> (package:test_api/src/backend/declarer.dart:250:11)
<asynchronous suspension>
#7      Invoker._waitForOutstandingCallbacks.<anonymous closure> (package:test_api/src/backend/invoker.dart:318:9)
<asynchronous suspension>

00:07 +112: D:/gowallet-104/test/gowallet_backup_crypto_test.dart: backup v2 round trip, wrong password, tamper with recomputed checksum
00:07 +113: D:/gowallet-104/test/gowallet_backup_crypto_test.dart: backup v2 round trip, wrong password, tamper with recomputed checksum
00:07 +114: D:/gowallet-104/test/gowallet_backup_crypto_test.dart: backup v2 round trip, wrong password, tamper with recomputed checksum
00:07 +115: D:/gowallet-104/test/gowallet_backup_crypto_test.dart: backup v2 round trip, wrong password, tamper with recomputed checksum
00:07 +116: D:/gowallet-104/test/gowallet_backup_crypto_test.dart: backup v2 round trip, wrong password, tamper with recomputed checksum
00:07 +117: D:/gowallet-104/test/gowallet_backup_crypto_test.dart: backup v2 round trip, wrong password, tamper with recomputed checksum
00:07 +118: D:/gowallet-104/test/gowallet_backup_crypto_test.dart: backup v2 round trip, wrong password, tamper with recomputed checksum
00:07 +119: D:/gowallet-104/test/gowallet_backup_crypto_test.dart: backup v2 round trip, wrong password, tamper with recomputed checksum
00:11 +120: All tests passed!
